[    0.000000] Initializing cgroup subsys cpuset
[    0.000000] Initializing cgroup subsys cpu
[    0.000000] Initializing cgroup subsys cpuacct
[    0.000000] Linux version 4.4.0-81-generic (buildd@lgw01-02) (gcc version 5.4.0 20160609 (Ubuntu 5.4.0-6ubuntu1~16.04.4) ) #104-Ubuntu SMP Wed Jun 14 08:17:06 UTC 2017 (Ubuntu 4.4.0-81.104-generic 4.4.67)
[    0.000000] Command line: BOOT_IMAGE=/boot/vmlinuz-4.4.0-81-generic root=LABEL=cloudimg-rootfs ro console=tty1 console=ttyS0
[    0.000000] KERNEL supported cpus:
[    0.000000]   Intel GenuineIntel
[    0.000000]   AMD AuthenticAMD
[    0.000000]   Centaur CentaurHauls
[    0.000000] x86/fpu: xstate_offset[2]:  576, xstate_sizes[2]:  256
[    0.000000] x86/fpu: Supporting XSAVE feature 0x01: 'x87 floating point registers'
[    0.000000] x86/fpu: Supporting XSAVE feature 0x02: 'SSE registers'
[    0.000000] x86/fpu: Supporting XSAVE feature 0x04: 'AVX registers'
[    0.000000] x86/fpu: Enabled xstate features 0x7, context size is 832 bytes, using 'standard' format.
[    0.000000] x86/fpu: Using 'lazy' FPU context switches.
[    0.000000] e820: BIOS-provided physical RAM map:
[    0.000000] BIOS-e820: [mem 0x0000000000000000-0x000000000009fbff] usable
[    0.000000] BIOS-e820: [mem 0x000000000009fc00-0x000000000009ffff] reserved
[    0.000000] BIOS-e820: [mem 0x00000000000f0000-0x00000000000fffff] reserved
[    0.000000] BIOS-e820: [mem 0x0000000000100000-0x00000000dffeffff] usable
[    0.000000] BIOS-e820: [mem 0x00000000dfff0000-0x00000000dfffffff] ACPI data
[    0.000000] BIOS-e820: [mem 0x00000000fec00000-0x00000000fec00fff] reserved
[    0.000000] BIOS-e820: [mem 0x00000000fee00000-0x00000000fee00fff] reserved
[    0.000000] BIOS-e820: [mem 0x00000000fffc0000-0x00000000ffffffff] reserved
[    0.000000] BIOS-e820: [mem 0x0000000100000000-0x000000011fffffff] usable
[    0.000000] NX (Execute Disable) protection: active
[    0.000000] SMBIOS 2.5 present.
[    0.000000] Hypervisor detected: KVM
[    0.000000] e820: last_pfn = 0x120000 max_arch_pfn = 0x400000000
[    0.000000] MTRR: Disabled
[    0.000000] x86/PAT: MTRRs disabled, skipping PAT initialization too.
[    0.000000] x86/PAT: Configuration [0-7]: WB  WT  UC- UC  WB  WT  UC- UC  
[    0.000000] CPU MTRRs all blank - virtualized system.
[    0.000000] e820: last_pfn = 0xdfff0 max_arch_pfn = 0x400000000
[    0.000000] found SMP MP-table at [mem 0x0009fff0-0x0009ffff] mapped at [ffff88000009fff0]
[    0.000000] Scanning 1 areas for low memory corruption
[    0.000000] RAMDISK: [mem 0x36ac6000-0x3755afff]
[    0.000000] ACPI: Early table checksum verification disabled
[    0.000000] ACPI: RSDP 0x00000000000E0000 000024 (v02 VBOX  )
[    0.000000] ACPI: XSDT 0x00000000DFFF0030 00003C (v01 VBOX   VBOXXSDT 00000001 ASL  00000061)
[    0.000000] ACPI: FACP 0x00000000DFFF00F0 0000F4 (v04 VBOX   VBOXFACP 00000001 ASL  00000061)
[    0.000000] ACPI: DSDT 0x00000000DFFF0470 0021C8 (v02 VBOX   VBOXBIOS 00000002 INTL 20160831)
[    0.000000] ACPI: FACS 0x00000000DFFF0200 000040
[    0.000000] ACPI: FACS 0x00000000DFFF0200 000040
[    0.000000] ACPI: APIC 0x00000000DFFF0240 00005C (v02 VBOX   VBOXAPIC 00000001 ASL  00000061)
[    0.000000] ACPI: SSDT 0x00000000DFFF02A0 0001CC (v01 VBOX   VBOXCPUT 00000002 INTL 20160831)
[    0.000000] No NUMA configuration found
[    0.000000] Faking a node at [mem 0x0000000000000000-0x000000011fffffff]
[    0.000000] NODE_DATA(0) allocated [mem 0x11fff7000-0x11fffbfff]
[    0.000000] kvm-clock: Using msrs 4b564d01 and 4b564d00
[    0.000000] kvm-clock: cpu 0, msr 1:1ffef001, primary cpu clock
[    0.000000] kvm-clock: using sched offset of 3560609738 cycles
[    0.000000] clocksource: kvm-clock: mask: 0xffffffffffffffff max_cycles: 0x1cd42e4dffb, max_idle_ns: 881590591483 ns
[    0.000000] Zone ranges:
[    0.000000]   DMA      [mem 0x0000000000001000-0x0000000000ffffff]
[    0.000000]   DMA32    [mem 0x0000000001000000-0x00000000ffffffff]
[    0.000000]   Normal   [mem 0x0000000100000000-0x000000011fffffff]
[    0.000000]   Device   empty
[    0.000000] Movable zone start for each node
[    0.000000] Early memory node ranges
[    0.000000]   node   0: [mem 0x0000000000001000-0x000000000009efff]
[    0.000000]   node   0: [mem 0x0000000000100000-0x00000000dffeffff]
[    0.000000]   node   0: [mem 0x0000000100000000-0x000000011fffffff]
[    0.000000] Initmem setup node 0 [mem 0x0000000000001000-0x000000011fffffff]
[    0.000000] ACPI: PM-Timer IO Port: 0x4008
[    0.000000] IOAPIC[0]: apic_id 2, version 32, address 0xfec00000, GSI 0-23
[    0.000000] ACPI: INT_SRC_OVR (bus 0 bus_irq 0 global_irq 2 dfl dfl)
[    0.000000] ACPI: INT_SRC_OVR (bus 0 bus_irq 9 global_irq 9 high level)
[    0.000000] Using ACPI (MADT) for SMP configuration information
[    0.000000] smpboot: Allowing 2 CPUs, 0 hotplug CPUs
[    0.000000] PM: Registered nosave memory: [mem 0x00000000-0x00000fff]
[    0.000000] PM: Registered nosave memory: [mem 0x0009f000-0x0009ffff]
[    0.000000] PM: Registered nosave memory: [mem 0x000a0000-0x000effff]
[    0.000000] PM: Registered nosave memory: [mem 0x000f0000-0x000fffff]
[    0.000000] PM: Registered nosave memory: [mem 0xdfff0000-0xdfffffff]
[    0.000000] PM: Registered nosave memory: [mem 0xe0000000-0xfebfffff]
[    0.000000] PM: Registered nosave memory: [mem 0xfec00000-0xfec00fff]
[    0.000000] PM: Registered nosave memory: [mem 0xfec01000-0xfedfffff]
[    0.000000] PM: Registered nosave memory: [mem 0xfee00000-0xfee00fff]
[    0.000000] PM: Registered nosave memory: [mem 0xfee01000-0xfffbffff]
[    0.000000] PM: Registered nosave memory: [mem 0xfffc0000-0xffffffff]
[    0.000000] e820: [mem 0xe0000000-0xfebfffff] available for PCI devices
[    0.000000] Booting paravirtualized kernel on KVM
[    0.000000] clocksource: refined-jiffies: mask: 0xffffffff max_cycles: 0xffffffff, max_idle_ns: 7645519600211568 ns
[    0.000000] setup_percpu: NR_CPUS:512 nr_cpumask_bits:512 nr_cpu_ids:2 nr_node_ids:1
[    0.000000] PERCPU: Embedded 33 pages/cpu @ffff88011fc00000 s98264 r8192 d28712 u1048576
[    0.000000] PV qspinlock hash table entries: 256 (order: 0, 4096 bytes)
[    0.000000] Built 1 zonelists in Node order, mobility grouping on.  Total pages: 1032057
[    0.000000] Policy zone: Normal
[    0.000000] Kernel command line: BOOT_IMAGE=/boot/vmlinuz-4.4.0-81-generic root=LABEL=cloudimg-rootfs ro console=tty1 console=ttyS0
[    0.000000] PID hash table entries: 4096 (order: 3, 32768 bytes)
[    0.000000] Memory: 4032256K/4193848K available (8469K kernel code, 1294K rwdata, 3984K rodata, 1484K init, 1316K bss, 161592K reserved, 0K cma-reserved)
[    0.000000] SLUB: HWalign=64, Order=0-3, MinObjects=0, CPUs=2, Nodes=1
[    0.000000] Hierarchical RCU implementation.
[    0.000000] 	Build-time adjustment of leaf fanout to 64.
[    0.000000] 	RCU restricting CPUs from NR_CPUS=512 to nr_cpu_ids=2.
[    0.000000] RCU: Adjusting geometry for rcu_fanout_leaf=64, nr_cpu_ids=2
[    0.000000] NR_IRQS:33024 nr_irqs:440 16
[    0.000000] Console: colour VGA+ 80x25
[    0.000000] console [tty1] enabled
[    0.000000] console [ttyS0] enabled
[    0.000000] tsc: Detected 2394.560 MHz processor
[    0.350004] Calibrating delay loop (skipped) preset value.. 4789.12 BogoMIPS (lpj=9578240)
[    0.351368] pid_max: default: 32768 minimum: 301
[    0.352070] ACPI: Core revision 20150930
[    0.353690] ACPI: 2 ACPI AML tables successfully acquired and loaded
[    0.354707] Security Framework initialized
[    0.355414] Yama: becoming mindful.
[    0.356026] AppArmor: AppArmor initialized
[    0.357416] Dentry cache hash table entries: 524288 (order: 10, 4194304 bytes)
[    0.363930] Inode-cache hash table entries: 262144 (order: 9, 2097152 bytes)
[    0.428979] Mount-cache hash table entries: 8192 (order: 4, 65536 bytes)
[    0.431064] Mountpoint-cache hash table entries: 8192 (order: 4, 65536 bytes)
[    0.432219] Initializing cgroup subsys io
[    0.432901] Initializing cgroup subsys memory
[    0.433639] Initializing cgroup subsys devices
[    0.434343] Initializing cgroup subsys freezer
[    0.435042] Initializing cgroup subsys net_cls
[    0.441005] Initializing cgroup subsys perf_event
[    0.442841] Initializing cgroup subsys net_prio
[    0.443605] Initializing cgroup subsys hugetlb
[    0.444326] Initializing cgroup subsys pids
[    0.445109] CPU: Physical Processor ID: 0
[    0.445833] CPU: Processor Core ID: 0
[    0.446770] mce: CPU supports 0 MCE banks
[    0.447453] Last level iTLB entries: 4KB 512, 2MB 8, 4MB 8
[    0.448268] Last level dTLB entries: 4KB 512, 2MB 32, 4MB 32, 1GB 0
[    0.451103] Freeing SMP alternatives memory: 32K (ffffffff820b8000 - ffffffff820c0000)
[    0.460576] ftrace: allocating 32129 entries in 126 pages
[    0.634039] smpboot: APIC(0) Converting physical 0 to logical package 0
[    0.815958] smpboot: Max logical packages: 1
[    0.905734] x2apic enabled
[    0.918950] Switched APIC routing to physical x2apic.
[    0.920774] ..TIMER: vector=0x30 apic1=0 pin1=2 apic2=-1 pin2=-1
[    1.029581] smpboot: CPU0: Intel(R) Core(TM) i7-3630QM CPU @ 2.40GHz (family: 0x6, model: 0x3a, stepping: 0x9)
[    1.252680] Performance Events: unsupported p6 CPU model 58 no PMU driver, software events only.
[    1.381808] KVM setup paravirtual spinlock
[    1.505541] x86: Booting SMP configuration:
[    1.624185] .... node  #0, CPUs:      #1
[    1.642034] kvm-clock: cpu 1, msr 1:1ffef041, secondary cpu clock
[    1.826854] mce: CPU supports 0 MCE banks
[    1.829256] x86: Booted up 1 node, 2 CPUs
[    1.830997] smpboot: Total of 2 processors activated (9578.24 BogoMIPS)
[    1.833403] devtmpfs: initialized
[    1.837698] evm: security.selinux
[    1.839531] evm: security.SMACK64
[    1.916489] evm: security.SMACK64EXEC
[    1.933783] evm: security.SMACK64TRANSMUTE
[    1.934453] evm: security.SMACK64MMAP
[    1.937956] evm: security.ima
[    1.938507] evm: security.capability
[    1.939364] clocksource: jiffies: mask: 0xffffffff max_cycles: 0xffffffff, max_idle_ns: 7645041785100000 ns
[    1.940825] futex hash table entries: 512 (order: 3, 32768 bytes)
[    1.975787] pinctrl core: initialized pinctrl subsystem
[    1.986602] RTC time:  4:29:41, date: 06/27/17
[    2.091916] NET: Registered protocol family 16
[    2.121359] cpuidle: using governor ladder
[    2.137402] cpuidle: using governor menu
[    2.214961] PCCT header not found.
[    2.215636] ACPI: bus type PCI registered
[    2.216294] acpiphp: ACPI Hot Plug PCI Controller Driver version: 0.5
[    2.217310] PCI: Using configuration type 1 for base access
[    2.231014] ACPI: Added _OSI(Module Device)
[    2.263865] ACPI: Added _OSI(Processor Device)
[    2.270067] ACPI: Added _OSI(3.0 _SCP Extensions)
[    2.270834] ACPI: Added _OSI(Processor Aggregator Device)
[    2.272276] ACPI: Executed 1 blocks of module-level executable AML code
[    2.275081] ACPI: Interpreter enabled
[    2.281837] ACPI: (supports S0 S5)
[    2.282415] ACPI: Using IOAPIC for interrupt routing
[    2.283331] PCI: Using host bridge windows from ACPI; if necessary, use "pci=nocrs" and report a bug
[    2.288700] ACPI: PCI Root Bridge [PCI0] (domain 0000 [bus 00-ff])
[    2.289785] acpi PNP0A03:00: _OSC: OS supports [ASPM ClockPM Segments MSI]
[    2.290758] acpi PNP0A03:00: _OSC failed (AE_NOT_FOUND); disabling ASPM
[    2.291666] acpi PNP0A03:00: fail to add MMCONFIG information, can't access extended PCI configuration space under this bridge.
[    2.293558] PCI host bridge to bus 0000:00
[    2.294239] pci_bus 0000:00: root bus resource [io  0x0000-0x0cf7 window]
[    2.295189] pci_bus 0000:00: root bus resource [io  0x0d00-0xffff window]
[    2.296107] pci_bus 0000:00: root bus resource [mem 0x000a0000-0x000bffff window]
[    2.305976] pci_bus 0000:00: root bus resource [mem 0xe0000000-0xffdfffff window]
[    2.363115] pci_bus 0000:00: root bus resource [bus 00-ff]
[    2.365193] pci 0000:00:01.1: legacy IDE quirk: reg 0x10: [io  0x01f0-0x01f7]
[    2.366176] pci 0000:00:01.1: legacy IDE quirk: reg 0x14: [io  0x03f6]
[    2.367072] pci 0000:00:01.1: legacy IDE quirk: reg 0x18: [io  0x0170-0x0177]
[    2.368026] pci 0000:00:01.1: legacy IDE quirk: reg 0x1c: [io  0x0376]
[    2.429896] pci 0000:00:07.0: quirk: [io  0x4000-0x403f] claimed by PIIX4 ACPI
[    2.487304] pci 0000:00:07.0: quirk: [io  0x4100-0x410f] claimed by PIIX4 SMB
[    2.530557] ACPI: PCI Interrupt Link [LNKA] (IRQs 5 9 10 *11)
[    2.581124] ACPI: PCI Interrupt Link [LNKB] (IRQs 5 9 10 *11)
[    2.647634] ACPI: PCI Interrupt Link [LNKC] (IRQs 5 9 *10 11)
[    2.649937] ACPI: PCI Interrupt Link [LNKD] (IRQs 5 *9 10 11)
[    2.651246] ACPI: Enabled 2 GPEs in block 00 to 07
[    2.652391] vgaarb: setting as boot device: PCI:0000:00:02.0
[    2.653246] vgaarb: device added: PCI:0000:00:02.0,decodes=io+mem,owns=io+mem,locks=none
[    2.654539] vgaarb: loaded
[    2.655054] vgaarb: bridge control possible 0000:00:02.0
[    2.656063] SCSI subsystem initialized
[    2.656804] ACPI: bus type USB registered
[    2.657508] usbcore: registered new interface driver usbfs
[    2.658311] usbcore: registered new interface driver hub
[    2.659101] usbcore: registered new device driver usb
[    2.660087] PCI: Using ACPI for IRQ routing
[    2.661017] NetLabel: Initializing
[    2.661612] NetLabel:  domain hash size = 128
[    2.662282] NetLabel:  protocols = UNLABELED CIPSOv4
[    2.663035] NetLabel:  unlabeled traffic allowed by default
[    2.663955] amd_nb: Cannot enumerate AMD northbridges
[    2.664729] clocksource: Switched to clocksource kvm-clock
[    2.672237] AppArmor: AppArmor Filesystem Enabled
[    2.740227] pnp: PnP ACPI init
[    2.741542] pnp: PnP ACPI: found 3 devices
[    2.751088] clocksource: acpi_pm: mask: 0xffffff max_cycles: 0xffffff, max_idle_ns: 2085701024 ns
[    2.767490] NET: Registered protocol family 2
[    2.768351] TCP established hash table entries: 32768 (order: 6, 262144 bytes)
[    2.769628] TCP bind hash table entries: 32768 (order: 7, 524288 bytes)
[    2.771076] TCP: Hash tables configured (established 32768 bind 32768)
[    2.846757] UDP hash table entries: 2048 (order: 4, 65536 bytes)
[    2.847610] UDP-Lite hash table entries: 2048 (order: 4, 65536 bytes)
[    2.848569] NET: Registered protocol family 1
[    2.849334] pci 0000:00:00.0: Limiting direct PCI/PCI transfers
[    2.850187] pci 0000:00:01.0: Activating ISA DMA hang workarounds
[    2.851156] Unpacking initramfs...
[    4.448411] Freeing initrd memory: 10836K (ffff880036ac6000 - ffff88003755b000)
[    4.623225] PCI-DMA: Using software bounce buffering for IO (SWIOTLB)
[    4.629477] software IO TLB [mem 0xdbff0000-0xdfff0000] (64MB) mapped at [ffff8800dbff0000-ffff8800dffeffff]
[    4.631037] RAPL PMU detected, API unit is 2^-32 Joules, 3 fixed counters 10737418240 ms ovfl timer
[    4.636581] hw unit of domain pp0-core 2^-0 Joules
[    4.643756] hw unit of domain package 2^-0 Joules
[    4.644493] hw unit of domain pp1-gpu 2^-0 Joules
[    4.645359] platform rtc_cmos: registered platform RTC device (no PNP device found)
[    4.646638] Scanning for low memory corruption every 60 seconds
[    4.674528] audit: initializing netlink subsys (disabled)
[    4.676442] audit: type=2000 audit(1498537786.899:1): initialized
[    4.677681] Initialise system trusted keyring
[    4.678580] HugeTLB registered 2 MB page size, pre-allocated 0 pages
[    4.680852] zbud: loaded
[    4.681601] VFS: Disk quotas dquot_6.6.0
[    4.682294] VFS: Dquot-cache hash table entries: 512 (order 0, 4096 bytes)
[    4.683506] squashfs: version 4.0 (2009/01/31) Phillip Lougher
[    4.684634] fuse init (API version 7.23)
[    4.685537] Key type big_key registered
[    4.686244] Allocating IMA MOK and blacklist keyrings.
[    4.725255] Key type asymmetric registered
[    4.775610] Asymmetric key parser 'x509' registered
[    4.776437] Block layer SCSI generic (bsg) driver version 0.4 loaded (major 249)
[    4.777761] io scheduler noop registered
[    4.778421] io scheduler deadline registered (default)
[    4.779235] io scheduler cfq registered
[    4.779992] pci_hotplug: PCI Hot Plug PCI Core version: 0.5
[    4.780836] pciehp: PCI Express Hot Plug Controller Driver version: 0.4
[    4.789680] ACPI: AC Adapter [AC] (on-line)
[    4.793524] input: Power Button as /devices/LNXSYSTM:00/LNXPWRBN:00/input/input0
[    4.806826] ACPI: Power Button [PWRF]
[    4.807603] input: Sleep Button as /devices/LNXSYSTM:00/LNXSLPBN:00/input/input1
[    4.808828] ACPI: Sleep Button [SLPF]
[    4.809728] GHES: HEST is not enabled!
[    4.810341] ACPI: Battery Slot [BAT0] (battery present)
[    4.816562] Serial: 8250/16550 driver, 32 ports, IRQ sharing enabled
[    4.839304] 00:02: ttyS0 at I/O 0x3f8 (irq = 4, base_baud = 115200) is a 16550A
[    4.857587] Linux agpgart interface v0.103
[    4.860133] loop: module loaded
[    4.866613] scsi host0: ata_piix
[    4.867566] scsi host1: ata_piix
[    4.868184] ata1: PATA max UDMA/33 cmd 0x1f0 ctl 0x3f6 bmdma 0xd000 irq 14
[    4.869276] ata2: PATA max UDMA/33 cmd 0x170 ctl 0x376 bmdma 0xd008 irq 15
[    4.872215] libphy: Fixed MDIO Bus: probed
[    4.872937] tun: Universal TUN/TAP device driver, 1.6
[    4.874806] tun: (C) 1999-2004 Max Krasnyansky <maxk@qualcomm.com>
[    4.875860] PPP generic driver version 2.4.2
[    4.877730] ehci_hcd: USB 2.0 'Enhanced' Host Controller (EHCI) Driver
[    4.878673] ehci-pci: EHCI PCI platform driver
[    4.879396] ehci-platform: EHCI generic platform driver
[    4.880197] ohci_hcd: USB 1.1 'Open' Host Controller (OHCI) Driver
[    4.881136] ohci-pci: OHCI PCI platform driver
[    4.881915] ohci-platform: OHCI generic platform driver
[    4.882749] uhci_hcd: USB Universal Host Controller Interface driver
[    4.889328] i8042: PNP: PS/2 Controller [PNP0303:PS2K,PNP0f03:PS2M] at 0x60,0x64 irq 1,12
[    4.894529] serio: i8042 KBD port at 0x60,0x64 irq 1
[    4.895305] serio: i8042 AUX port at 0x60,0x64 irq 12
[    4.896212] mousedev: PS/2 mouse device common for all mice
[    4.906885] input: AT Translated Set 2 keyboard as /devices/platform/i8042/serio0/input/input2
[    4.911563] rtc_cmos rtc_cmos: rtc core: registered rtc_cmos as rtc0
[    4.913090] rtc_cmos rtc_cmos: alarms up to one day, 114 bytes nvram
[    4.914532] i2c /dev entries driver
[    4.915548] device-mapper: uevent: version 1.0.3
[    4.916906] device-mapper: ioctl: 4.34.0-ioctl (2015-10-28) initialised: dm-devel@redhat.com
[    4.918809] ledtrig-cpu: registered to indicate activity on CPUs
[    4.920905] NET: Registered protocol family 10
[    4.932801] NET: Registered protocol family 17
[    4.933631] Key type dns_resolver registered
[    4.934665] microcode: CPU0 sig=0x306a9, pf=0x2, revision=0x19
[    4.935612] microcode: CPU1 sig=0x306a9, pf=0x2, revision=0x19
[    4.936635] microcode: Microcode Update Driver: v2.01 <tigran@aivazian.fsnet.co.uk>, Peter Oruba
[    4.947190] registered taskstats version 1
[    4.949421] Loading compiled-in X.509 certificates
[    4.950869] Loaded X.509 cert 'Build time autogenerated kernel key: 4e3fcaabc4148de0b198d1fb3d36a6c6d4cf062b'
[    4.952376] zswap: loaded using pool lzo/zbud
[    4.998523] Key type trusted registered
[    5.069935] Key type encrypted registered
[    5.109841] AppArmor: AppArmor sha1 policy hashing enabled
[    5.110679] ima: No TPM chip found, activating TPM-bypass!
[    5.111535] evm: HMAC attrs: 0x1
[    5.112466]   Magic number: 5:377:465
[    5.115810] rtc_cmos rtc_cmos: setting system clock to 2017-06-27 04:29:44 UTC (1498537784)
[    5.117237] BIOS EDD facility v0.16 2004-Jun-25, 0 devices found
[    5.176245] EDD information not available.
[    5.178295] Freeing unused kernel memory: 1484K (ffffffff81f45000 - ffffffff820b8000)
[    5.805782] Write protecting the kernel read-only data: 14336k
[    5.808349] Freeing unused kernel memory: 1760K (ffff880001848000 - ffff880001a00000)
[    5.809022] tsc: Refined TSC clocksource calibration: 2393.902 MHz
[    5.809024] clocksource: tsc: mask: 0xffffffffffffffff max_cycles: 0x2281b6d4dcb, max_idle_ns: 440795270885 ns
[    5.812314] Freeing unused kernel memory: 112K (ffff880001de4000 - ffff880001e00000)
Loading, please wait...
starting version[    5.828182] random: systemd-udevd: uninitialized urandom read (16 bytes read, 2 bits of entropy available)
 229
[    5.828793] random: udevadm: uninitialized urandom read (16 bytes read, 2 bits of entropy available)
[    5.828832] random: udevadm: uninitialized urandom read (16 bytes read, 2 bits of entropy available)
[    5.829012] random: udevadm: uninitialized urandom read (16 bytes read, 2 bits of entropy available)
[    5.829073] random: udevadm: uninitialized urandom read (16 bytes read, 2 bits of entropy available)
[    5.829121] random: udevadm: uninitialized urandom read (16 bytes read, 2 bits of entropy available)
[    5.829169] random: udevadm: uninitialized urandom read (16 bytes read, 2 bits of entropy available)
[    5.829220] random: udevadm: uninitialized urandom read (16 bytes read, 2 bits of entropy available)
[    5.829287] random: udevadm: uninitialized urandom read (16 bytes read, 2 bits of entropy available)
[    5.829332] random: udevadm: uninitialized urandom read (16 bytes read, 2 bits of entropy available)
[    6.659559] e1000: Intel(R) PRO/1000 Network Driver - version 7.3.21-k8-NAPI
[    6.670337] e1000: Copyright (c) 1999-2006 Intel Corporation.
[    6.693614] Fusion MPT base driver 3.04.20
[    7.025577] Copyright (c) 1999-2008 LSI Corporation
[    7.344746] AVX version of gcm_enc/dec engaged.
[    7.361998] AES CTR mode by8 optimization enabled
[    7.392733] Fusion MPT SPI Host driver 3.04.20
[    7.541924] input: ImExPS/2 Generic Explorer Mouse as /devices/platform/i8042/serio1/input/input4
[    7.684532] e1000 0000:00:03.0 eth0: (PCI:33MHz:32-bit) 02:e7:04:e9:f2:54
[    7.684535] e1000 0000:00:03.0 eth0: Intel(R) PRO/1000 Network Connection
[    7.685173] mptbase: ioc0: Initiating bringup
[    7.748996] ioc0: LSI53C1030 A0: Capabilities={Initiator}
[    7.948487] scsi host2: ioc0: LSI53C1030 A0, FwRev=00000000h, Ports=1, MaxQ=256, IRQ=20
[    8.085873] scsi 2:0:0:0: Direct-Access     VBOX     HARDDISK         1.0  PQ: 0 ANSI: 5
[    8.093728] scsi target2:0:0: Beginning Domain Validation
[    8.096834] scsi target2:0:0: Domain Validation skipping write tests
[    8.098607] scsi target2:0:0: Ending Domain Validation
[    8.117728] scsi target2:0:0: asynchronous
[    8.140950] scsi 2:0:1:0: Direct-Access     VBOX     HARDDISK         1.0  PQ: 0 ANSI: 5
[    8.279530] scsi target2:0:1: Beginning Domain Validation
[    8.281345] scsi target2:0:1: Domain Validation skipping write tests
[    8.332183] scsi target2:0:1: Ending Domain Validation
[    8.352531] scsi target2:0:1: asynchronous
[    8.361600] sd 2:0:0:0: Attached scsi generic sg0 type 0
[    8.362705] sd 2:0:0:0: [sda] 20971520 512-byte logical blocks: (10.7 GB/10.0 GiB)
[    8.364621] sd 2:0:1:0: Attached scsi generic sg1 type 0
[    8.365722] sd 2:0:1:0: [sdb] 20480 512-byte logical blocks: (10.5 MB/10.0 MiB)
[    8.367436] sd 2:0:0:0: [sda] Write Protect is off
[    8.368453] sd 2:0:1:0: [sdb] Write Protect is off
[    8.369659] sd 2:0:0:0: [sda] Incomplete mode parameter data
[    8.370782] sd 2:0:0:0: [sda] Assuming drive cache: write through
[    8.372050] sd 2:0:1:0: [sdb] Incomplete mode parameter data
[    8.373248] sd 2:0:1:0: [sdb] Assuming drive cache: write through
[    8.390668]  sda: sda1
[    8.393645] sd 2:0:0:0: [sda] Attached SCSI disk
[    8.405590] sd 2:0:1:0: [sdb] Attached SCSI disk
[    8.429636] e1000 0000:00:08.0 eth1: (PCI:33MHz:32-bit) 08:00:27:ce:70:bc
[    8.437777] e1000 0000:00:08.0 eth1: Intel(R) PRO/1000 Network Connection
[    8.467119] e1000 0000:00:08.0 enp0s8: renamed from eth1
[    8.477020] e1000 0000:00:03.0 enp0s3: renamed from eth0
[   10.541007] floppy0: no floppy controllers found
Begin: Loading e[   11.913619] md: linear personality registered for level -1
ssential drivers ... [   11.923220] md: multipath personality registered for level -4
[   11.928348] md: raid0 personality registered for level 0
[   12.008935] md: raid1 personality registered for level 1
[   12.088774] raid6: sse2x1   gen()  8496 MB/s
[   12.256797] raid6: sse2x1   xor()  6691 MB/s
[   12.332749] raid6: sse2x2   gen()  9179 MB/s
[   12.480769] raid6: sse2x2   xor()  7435 MB/s
[   12.564774] raid6: sse2x4   gen() 12294 MB/s
[   12.708813] raid6: sse2x4   xor()  8177 MB/s
[   12.713315] raid6: using algorithm sse2x4 gen() 12294 MB/s
[   12.725661] raid6: .... xor() 8177 MB/s, rmw enabled
[   12.726586] raid6: using ssse3x2 recovery algorithm
[   12.728899] xor: automatically using best checksumming function:
[   12.780770]    avx       : 18732.000 MB/sec
[   12.791211] async_tx: api initialized (async)
[   12.802985] md: raid6 personality registered for level 6
[   12.826121] md: raid5 personality registered for level 5
[   12.826947] md: raid4 personality registered for level 4
[   12.832942] md: raid10 personality registered for level 10
done.
Begin: Running /scripts/init-premount ... done.
Begin: Mountin[   12.871664] Btrfs loaded
g root file system ... Begin: Running /scripts/local-top ... done.
Begin: Running /scripts/local-premount ... Scanning for Btrfs filesystems
done.
Warning: fsck not present, so skipping root file system
[   13.026493] EXT4-fs (sda1): mounted filesystem with ordered data mode. Opts: (null)
done.
Begin: Running /scripts/local-bottom ... done.
Begin: Running /scripts/init-bottom ... done.
[   13.600950] systemd[1]: systemd 229 running in system mode. (+PAM +AUDIT +SELINUX +IMA +APPARMOR +SMACK +SYSVINIT +UTMP +LIBCRYPTSETUP +GCRYPT +GNUTLS +ACL +XZ -LZ4 +SECCOMP +BLKID +ELFUTILS +KMOD -IDN)
[   13.691587] systemd[1]: Detected virtualization oracle.
[   13.706164] systemd[1]: Detected architecture x86-64.

Welcome to [1mUbuntu 16.04.2 LTS[0m!

[   13.758848] systemd[1]: Set hostname to <ubuntu>.
[   13.786491] systemd[1]: Initializing machine ID from random generator.
[   13.796900] systemd[1]: Installed transient /etc/machine-id file.
[   14.108276] random: nonblocking pool is initialized
[   14.725336] systemd[1]: Listening on udev Control Socket.
[[0;32m  OK  [0m] Listening on udev Control Socket.
[   14.757644] systemd[1]: Listening on /dev/initctl Compatibility Named Pipe.
[[0;32m  OK  [0m] Listening on /dev/initctl Compatibility Named Pipe.
[   14.759884] systemd[1]: Listening on LVM2 poll daemon socket.
[[0;32m  OK  [0m] Listening on LVM2 poll daemon socket.
[   14.762079] systemd[1]: Created slice User andSSession Slice.
[[0;32m  OK  [0m] Created slice User and Session Slice.
[   14.846931] systemd[1]: Listening on udev Kernel Socket.
[[0;32m  OK  [0m] Listening on udev Kernel Socket.
[   14.887214] systemd[1]: Reached target User and Group Name Lookups.
[[0;32m  OK  [0m] Reached target User and Group Name Lookups.
[   14.889774] systemd[1]: Started Trigger resolvconf update for networkd DNS.
[[0;32m  OK  [0m] Started Trigger resolvconf update for networkd DNS.
[   14.893585] systemd[1]: Started Forward Password Requests to Wall Directory Watch.
[[0;32m  OK  [0m] Started Forward Password Requests to Wall Directory Watch.
[   14.898016] systemd[1]: Created slice System Slice.
[[0;32m  OK  [0m] Created slice System Slice.
[   14.903091] systemd[1]: Created slice system-serial\x2dgetty.slice.
[[0;32m  OK  [0m] Created slice system-serial\x2dgetty.slice.
[   14.952135] systemd[1]: Reached target Slices.
[[0;32m  OK  [0m] Reached target Slices.
[   14.957920] systemd[1]: Listening on Device-mapper event daemon FIFOs.
[[0;32m  OK  [0m] Listening on Device-mapper event daemon FIFOs.
[   14.963106] systemd[1]: Set up automount Arbitrary Executable File Formats File System Automount Point.
[[0;32m  OK  [0m] Set up automount Arbitrary Executab...ats File System Automount Point.
[   14.967436] systemd[1]: Reached target Swap.
[[0;32m  OK  [0m] Reached target Swap.
[   15.067097] systemd[1]: Listening on Journal Socket.
[[0;32m  OK  [0m] Listening on Journal Socket.
[   15.080915] systemd[1]: Starting Nameeerver information manager...
         Starting Nameserver information manager...
[   15.685565] systemd[1]: Starting Create list of required static device nodes for the curren  kernel...
         Starting Create list of required st... nodes for the current kernel...
[   15.847680] systemd[1]: Mounting Debug File System...
         Mounting Debug File System...
[   15.885439] systemd[1]: Starting Set console keymap...
         Starting Set console keymap...
[   16.008874] systemd[1]: Starting eeoount Root and Kernel File Systems...
[   160000991] EXT4-fs (sda1): re-mounted. Opts: (null)
         Starting Remount Root and Kernel File Systems...
[   16.887850] systemd[1]: Mounting POSIX Message Queue File System...
         Mounting POSIX Message Queue File System...
[   16.931360] systemd[1]: Starting Uncomplicated firewall...
         Starting Uncomplicated firewall...
[   17.010024] systemd[1]: Mounting Huge Pages File System...
         Mounting Huge Pages File System...
[   17.021814] systemd[1]: Starting Load Kernel Modules...
         Starting Load Kernel Modules...
[   17.024878] systemd[1]: Listening on LVM2 metadata daemon socket.
[[0;32m  OK  [0m] Listening on LVM2 metadata daemon socket.
[   17.046137] systemd[1]: Starting Monitoring of LVM2 mirrors, snapshots etc. using dmeventd or progress polling...
         Starting Monitoring of LVM2 mirrors... dmeventd or progress polling...
[   17.048898] systemd[1]: Listening on Syslog Socket.
[[0;32m  OK  [0m] Listening on Syslog Socket.
[   17.050583] systemd[1]: Reached target Encrypted Volumes.
[[0;32m  OK  [0m] Reached target Encrypted Volumes.
[   17.052401] systemd[1]: Listening on Journal Audit Socket.
[[0;32m  OK  [0m] Listening on Journal Audit Socket.
[   17.054347] systemd[1]: Listening on Journal Socket (/dev/log).
[[0;32m  OK  [0m] Listening on Journal Socket (/dev/log).
[   17.056844] systemd[1]: Starting Journal Service...
         Starting Journal Service...
[   17.059929] systemd[1]: Mounted Huge Pages File System.
[[0;32m  OK  [0m] Mounted Huge Pages File System.
[   17.061825] systemd[1]: Mounted Debug File System.
[[0;32m  OK  [0m] Mounted Debug File System.
[   17.063535] systemd[1]: Mounted POSIX Message Queue File System.
[[0;32m  OK  [0m] Mounted POSIX Message Queue File System.
[   17.147476] Loading iSCSI trassport class v2.0-870.
[   17.436625] systemd[1]: Started Create list of required static device nodes for the current kernel.
[[0;32m  OK  [0m] Started Create list of required sta...ce nodes for the current kernel.
[   17.614770] systemd[1]: Started Set console keymap.
[   17.626032] iscsi: registered transport (tcp)
[[0;32m  OK  [0m] Started Set console keymap.
[   17.635541] systemd[1]: Started Remount Root and Kernel File Systems.
[[0;32m  OK  [0m] Started Remount Root and Kernel File Systems.
[   17.638571] systemd[1]: Started Uncomplicated firewall.
[[0;32m  OK  [0m] Started Uncomplicated firewall.
[   17.653140] systemd[1]: Started Nameserver information manager.
[[0;32m  OK  [0m] Started Nameserver information manager.
[   17.705120] systemd[1]: Started LVM2 metadata daemon.
[[0;32m  OK  [0m] Started LVM2 metadata daemon.
[   17.761210] systemd[1]: Starting udev Coldplug all Devices...
[   17.771064] iscsi: registered transport (iser)
         Starting udev Coldplug all Devices...
[   17.776311] systemd[1]: Starting Initial cloud-init job (pre-networking)...
         Starting Initial cloud-init job (pre-networking)...
[   17.780565] systemd[1]: Starting Load/Save Random Seed...
         Starting Load/Save Random Seed...
[   17.784271] systemd[1]: Starting Create Static Device Nodes in /dev...
         Starting Create Static Device Nodes in /dev...
[   17.787890] systemd[1]: Started Journal Service.
[[0;32m  OK  [0m] Started Journal Service.
[[0;32m  OK  [0m] Started Load Kernel Modules.
         Mounting FUSE Control File System...
         Starting Apply Kernel Variables...
         Starting Flush Journal to Persistent Storage...
[[0;32m  OK  [0m] Mounted FUSE Control File System.
[[0;32m  OK  [0m] Started Load/Save Random Seed.
[[0;32m  OK  [0m] Started udev Coldplug all Devices.
[[0;32m  OK  [0m] Started Apply Kernel Variables.
[[0;32m  OK  [0m] Started Flush Journal to Persistent Storage.
[[0;32m  OK  [0m] Started Monitoring of LVM2 mirrors,...ng dmeventd or progress polling.
[[0;32m  OK  [0m] Started Create Static Device Nodes in /dev.
         Starting udev Kernel Device Manager...
[[0;32m  OK  [0m] Started udev Kernel Device Manager.
[[0;32m  OK  [0m] Reached target Local File Systems (Pre).
[[0;32m  OK  [0m] Reached target Local File Systems.
         Starting Create Volatile Files and Directories...
         Starting Tell Plymouth To Write Out Runtime Data...
         Starting Commit a transient machine-id on disk...
         Starting LSB: AppArmor initialization...
         Starting Set console font and keymap...
[[0;32m  OK  [0m] Started Dispatch Password Requests to Console Directory Watch.
[[0;32m  OK  [0m] Started Tell Plymouth To Write Out Runtime Data.
[[0;32m  OK  [0m] Started Commit a transient machine-id on disk.
[[0;32m  OK  [0m] Started Create Volatile Files and Directories.
[[0;32m  OK  [0m] Reached target System Time Synchronized.
         Starting Update UTMP about System Boot/Shutdown...
[[0;32m  OK  [0m] Started Update UTMP about System Boot/Shutdown.
[[0;32m  OK  [0m] Found device /dev/ttyS0.
[[0;32m  OK  [0m] Started Set console font and keymap.
[[0;32m  OK  [0m] Listening on Load/Save RF Kill Switch Status /dev/rfkill Watch.
[[0;32m  OK  [0m] Created slice system-getty.slice.
[[0;32m  OK  [0m] Started LSB: AppArmor initialization.
[   21.417693] cloud-init[433]: Cloud-init v. 0.7.9 running 'init-local' at Tue, 27 Jun 2017 04:30:02 +0000. Up 20.78 seconds.
[[0;32m  OK  [0m] Started Initial cloud-init job (pre-networking).
[[0;32m  OK  [0m] Reached target Network (Pre).
         Starting Raise network interfaces...
[[0;32m  OK  [0m] Started Raise network interfaces.
[[0;32m  OK  [0m] Reached target Network.
         Starting Initial cloud-init job (metadata service crawler)...
[   23.591794] cloud-init[947]: Cloud-init v. 0.7.9 running 'init' at Tue, 27 Jun 2017 04:30:03 +0000. Up 22.14 seconds.
[   23.689139] cloud-init[947]: ci-info: +++++++++++++++++++++++++++++++++++++Net device info++++++++++++++++++++++++++++++++++++++
[   23.689897] cloud-init[947]: ci-info: +--------+-------+---------------------------+---------------+-------+-------------------+
[[0;32m  OK  [0m] Started Initial cloud-init job (metadata service crawler).
[   23.690149] cloud-init[947]: ci-info: | Device |   Up  |          Address          |      Mask     | Scope |     Hw-Address    |
[   23.858558] cloud-init[947]: ci-info: +--------+-------+---------------------------+---------------+-------+-------------------+
[   23.861544] cloud-init[947]: ci-info: | enp0s8 | False |             .             |       .       |   .   | 08:00:27:ce:70:bc |
[   23.908812] cloud-init[947]: ci-info: |   lo   |  True |         127.0.0.1         |   255.0.0.0   |   .   |         .         |
[[0;32m  OK  [0m] Reached target System Initialization.
[   23.909687] cloud-init[947]: ci-info: |   lo   |  True |          ::1/128          |       .       |  host |         .         |
[   23.914687] cloud-init[947]: ci-info: | enp0s3 |  True |         10.0.2.15         | 255.255.255.0 |   .   | 02:e7:04:e9:f2:54 |
[[0;32m  OK  [0m] Listening on UUID daemon activation socket.
[   23.914886] cloud-init[947]: ci-info: | enp0s3 |  True | fe80::e7:4ff:fee9:f254/64 |       .       |  link | 02:e7:04:e9:f2:54 |
[   23.936242] cloud-init[947]: ci-info: +--------+-------+---------------------------+---------------+-------+-------------------+
[   23.936685] cloud-init[947]: ci-info: +++++++++++++++++++++++++++Route IPv4 info++++++++++++++++++++++++++++
[[0;32m  OK  [0m] Started Timer to automatically refresh installed snaps.
[   23.936875] cloud-init[947]: ci-info: +-------+-------------+----------+---------------+-----------+-------+
[   23.942033] cloud-init[947]: ci-info: | Route | Destination | Gateway  |    Genmask    | Interface | Flags |
[[0;32m  OK  [0m] Listening on ACPID Listen Socket.
[   23.942190] cloud-init[947]: ci-info: +-------+-------------+----------+---------------+-----------+-------+
[   23.952871] cloud-init[947]: ci-info: |   0   |   0.0.0.0   | 10.0.2.2 |    0.0.0.0    |   enp0s3  |   UG  |
[   23.959291] cloud-init[947]: ci-info: |   1   |   10.0.2.0  | 0.0.0.0  | 255.255.255.0 |   enp0s3  |   U   |
[   23.980750] cloud-init[947]: ci-info: +-------+-------------+----------+---------------+-----------+-------+
[   23.981281] cloud-init[947]: Generating public/private rsa key pair.
[   23.981488] cloud-init[947]: Your identification has been saved in /etc/ssh/ssh_host_rsa_key.
[   23.981708] cloud-init[947]: Your public key has been saved in /etc/ssh/ssh_host_rsa_key.pub.
[   23.981908] cloud-init[947]: The key fingerprint is:
[   23.982124] cloud-init[947]: SHA256:2pxrM1tq04khPrtpgXN/r8mRGnW59sUrP+fK2nl+QNs root@ubuntu-xenial
[   23.982333] cloud-init[947]: The key's randomart image is:
         Starting LXD - unix socket.
[   23.982548] cloud-init[947]: +---[RSA 2048]----+
[   23.992721] cloud-init[947]: |                 |
[   23.993105] cloud-init[947]: |                 |
[   23.993210] cloud-init[947]: |                 |
[   23.993314] cloud-init[947]: |             ..  |
[   23.993449] cloud-init[947]: |     .  S . o. o |
[   23.993533] cloud-init[947]: |    o ++.o o .o.E|
[   23.993636] cloud-init[947]: |     +.+=++.o  .o|
[   23.993747] cloud-init[947]: |      +.OB++ = +=|
[   23.993852] cloud-init[947]: |     .+*=*+oo.OB*|
[   23.993956] cloud-init[947]: +----[SHA256]-----+
[   23.994065] cloud-init[947]: Generating public/private dsa key pair.
[   23.994170] cloud-init[947]: Your identification has been saved in /etc/ssh/ssh_host_dsa_key.
[   23.994275] cloud-init[947]: Your public key has been saved in /etc/ssh/ssh_host_dsa_key.pub.
[   23.994383] cloud-init[947]: The key fingerprint is:
[   23.994489] cloud-init[947]: SHA256:ZKpmVc5LJWIbHp29vIH4JDPEJvAcNdLPpGoJFMrSYRo root@ubuntu-xenial
[   23.994595] cloud-init[947]: The key's randomart image is:
[   23.994706] cloud-init[947]: +---[DSA 1024]----+
[   23.994809] cloud-init[947]: |E =.ooo          |
[   23.994917] cloud-init[947]: |.*.= +.o.o       |
[   23.995023] cloud-init[947]: |+o. + O=B o      |
[   23.995129] cloud-init[947]: |. .  *.&o= .     |
[   23.995237] cloud-init[947]: |   . oX S +      |
[   23.995342] cloud-init[947]: |    +o B . o     |
[   23.995450] cloud-init[947]: |   .+   o .      |
[   23.995554] cloud-init[947]: |   o             |
[   23.995662] cloud-init[947]: |                 |
[   23.995769] cloud-init[947]: +----[SHA256]-----+
[   23.995877] cloud-init[947]: Generating public/private ecdsa key pair.
[   23.995980] cloud-init[947]: Your identification has been saved in /etc/ssh/ssh_host_ecdsa_key.
[   23.996205] cloud-init[947]: Your public key has been saved in /etc/ssh/ssh_host_ecdsa_key.pub.
[   23.996306] cloud-init[947]: The key fingerprint is:
[   23.996410] cloud-init[947]: SHA256:2ngt+eB8pemjJcnhxgX6ExxLKIuIbzFSq2sDiOiN9Io root@ubuntu-xenial
[   23.996516] cloud-init[947]: The key's randomart image is:
[   23.996623] cloud-init[947]: +---[ECDSA 256]---+
[   23.996729] cloud-init[947]: |                 |
[   23.996834] cloud-init[947]: |       .         |
[   23.996968] cloud-init[947]: |  . . . +        |
[   23.997072] cloud-init[947]: |.o o o + +       |
[   23.997176] cloud-init[947]: |B = . . S .      |
[   23.997287] cloud-init[947]: |== o   O B  .    |
[   23.997388] cloud-init[947]: |= *   o / o+     |
[   23.997494] cloud-init[947]: |.B o   = B=      |
[   23.997601] cloud-init[947]: |E.o     ++o.     |
[   23.997705] cloud-init[947]: +----[SHA256]-----+
[   23.997809] cloud-init[947]: Generating public/private ed25519 key pair.
[   23.997917] cloud-init[947]: Your identification has been saved in /etc/ssh/ssh_host_ed25519_key.
[   23.998020] cloud-init[947]: Your public key has been saved in /etc/ssh/ssh_host_ed25519_key.pub.
[   23.998127] cloud-init[947]: The key fingerprint is:
[   23.998231] cloud-init[947]: SHA256:GEGvXRJQ4fjrWOCOvz4SL01b8qBvvBTuF5PTV1iv/Ds root@ubuntu-xenial
[   23.998338] cloud-init[947]: The key's randomart image is:
[   23.998442] cloud-init[947]: +--[ED25519 256]--+
[   23.998550] cloud-init[947]: |     .+o+.       |
[   23.998654] cloud-init[947]: |       = .    .  |
[   23.998759] cloud-init[947]: |      o + .  o . |
[   23.998864] cloud-init[947]: |       * o  . . .|
[   23.998972] cloud-init[947]: |      = So   o . |
[   23.999078] cloud-init[947]: |    .o+o*.. . o  |
[   23.999182] cloud-init[947]: |     B+*o+ .   . |
[   23.999290] cloud-init[947]: |    +=B+o      E.|
[   23.999394] cloud-init[947]: |    .BX=.      .o|
[   23.999501] cloud-init[947]: +----[SHA256]-----+
[[0;32m  OK  [0m] Listening on D-Bus System Message Bus Socket.
[[0;32m  OK  [0m] Started ACPI Events Check.
[[0;32m  OK  [0m] Reached target Paths.
         Starting Socket activation for snappy daemon.
[[0;32m  OK  [0m] Started Daily Cleanup of Temporary Directories.
[[0;32m  OK  [0m] Started Daily apt activities.
[[0;32m  OK  [0m] Reached target Timers.
[[0;32m  OK  [0m] Reached target Network is Online.
         Starting iSCSI initiator daemon (iscsid)...
[[0;32m  OK  [0m] Reached target Cloud-config availability.
[[0;32m  OK  [0m] Listening on LXD - unix socket.
[[0;32m  OK  [0m] Listening on Socket activation for snappy daemon.
[[0;32m  OK  [0m] Reached target Sockets.
[[0;32m  OK  [0m] Reached target Basic System.
         Starting LSB: Record successful boot for GRUB...
[[0;32m  OK  [0m] Started Deferred execution scheduler.
         Starting Login Service...
[[0;32m  OK  [0m] Started Regular background program processing daemon.
         Starting LSB: MD monitoring daemon...
         Starting LXD - container startup/shutdown...
[[0;32m  OK  [0m] Started Snappy daemon.
         Starting Auto import assertions from block devices...
         Starting Accounts Service...
         Starting System Logging Service...
[[0;32m  OK  [0m] Started ACPI event daemon.
         Starting Pollinate to seed the pseudo random number generator...
[[0;32m  OK  [0m] Started FUSE filesystem for LXC.
[[0;32m  OK  [0m] Started Unattended Upgrades Shutdown.
         Starting /etc/rc.local Compatibility...
[[0;32m  OK  [0m] Started D-Bus System Message Bus.
         Starting Apply the settings specified in cloud-config...
[[0;32m  OK  [0m] Started System Logging Service.
[[0;32m  OK  [0m] Started Auto import assertions from block devices.
[[0;32m  OK  [0m] Started /etc/rc.local Compatibility.
[[0;32m  OK  [0m] Started Login Service.
[[0;32m  OK  [0m] Started iSCSI initiator daemon (iscsid).
         Starting Login to default iSCSI targets...
         Starting Authenticate and Authorize Users to Run Privileged Tasks...
[[0;32m  OK  [0m] Started LSB: Record successful boot for GRUB.
[[0;32m  OK  [0m] Started LSB: MD monitoring daemon.
[[0;32m  OK  [0m] Started Login to default iSCSI targets.
[[0;32m  OK  [0m] Reached target Remote File Systems (Pre).
[[0;32m  OK  [0m] Reached target Remote File Systems.
         Starting LSB: automatic crash report generation...
         Starting LSB: Set the CPU Frequency Scaling governor to "ondemand"...
         Starting LSB: daemon to balance interrupts for SMP systems...
         Starting Permit User Sessions...
         Starting LSB: VirtualBox Linux Additions...
[[0;32m  OK  [0m] Started LSB: Set the CPU Frequency Scaling governor to "ondemand".
[[0;32m  OK  [0m] Started Authenticate and Authorize Users to Run Privileged Tasks.
[[0;32m  OK  [0m] Started Accounts Service.
[[0;32m  OK  [0m] Started Permit User Sessions.
         Starting Terminate Plymouth Boot Screen...
         Starting Hold until boot process finishes up...
[[0;32m  OK  [0m] Started Hold until boot process finishes up.
[   26.115343] cloud-init[1123]: Generating locales (this might take a while)...
[[0;32m  OK  [0m] Started Terminate Plymouth Boot Screen.
[[0;32m  OK  [0m] Started Getty on tty1.
         Starting Set console scheme...
[[0;32m  OK  [0m] Started Serial Getty on ttyS0.
[[0;32m  OK  [0m] Reached target Login Prompts.
[[0;32m  OK  [0m] Started LSB: daemon to balance interrupts for SMP systems.
[[0;32m  OK  [0m] Started LSB: automatic crash report generation.
[[0;32m  OK  [0m] Started Set console scheme.
[[0;32m  OK  [0m] Started LSB: VirtualBox Linux Additions.
[[0;32m  OK  [0m] Started LXD - container startup/shutdown.
[[0;32m  OK  [0m] Started Pollinate to seed the pseudo random number generator.[   27.926836] cloud-init[1123]:   en_US.UTF-8... done
[   27.927905] cloud-init[1123]: Generation complete.

         Starting OpenBSD Secure Shell server...
[[0;32m  OK  [0m] Started OpenBSD Secure Shell server.
[[0;32m  OK  [0m] Reached target Multi-User System.
[[0;32m  OK  [0m] Reached target Graphical Interface.
         Starting Update UTMP about System Runlevel Changes...
[[0;32m  OK  [0m] Started Update UTMP about System Runlevel Changes.
         Stopping OpenBSD Secure Shell server...
[[0;32m  OK  [0m] Stopped OpenBSD Secure Shell server.
         Starting OpenBSD Secure Shell server...
[[0;32m  OK  [0m] Started OpenBSD Secure Shell server.
[[0;32m  OK  [0m] Created slice User Slice of ubuntu.
         Starting User Manager for UID 1000...
[[0;32m  OK  [0m] Started Session 1 of user ubuntu.
[[0;32m  OK  [0m] Started User Manager for UID 1000.
[   29.812633] cloud-init[1123]: Cloud-init v. 0.7.9 running 'modules:config' at Tue, 27 Jun 2017 04:30:07 +0000. Up 25.59 seconds.
[[0;32m  OK  [0m] Started Apply the settings specified in cloud-config.
         Starting Execute cloud user/final scripts...
ci-info: no authorized ssh keys fingerprints found for user ubuntu.
<14>Jun 27 04:30:11 ec2: 
<14>Jun 27 04:30:11 ec2: #############################################################
<14>Jun 27 04:30:11 ec2: -----BEGIN SSH HOST KEY FINGERPRINTS-----
<14>Jun 27 04:30:11 ec2: 1024 SHA256:ZKpmVc5LJWIbHp29vIH4JDPEJvAcNdLPpGoJFMrSYRo root@ubuntu-xenial (DSA)
<14>Jun 27 04:30:11 ec2: 256 SHA256:2ngt+eB8pemjJcnhxgX6ExxLKIuIbzFSq2sDiOiN9Io root@ubuntu-xenial (ECDSA)
<14>Jun 27 04:30:11 ec2: 256 SHA256:GEGvXRJQ4fjrWOCOvz4SL01b8qBvvBTuF5PTV1iv/Ds root@ubuntu-xenial (ED25519)
<14>Jun 27 04:30:11 ec2: 2048 SHA256:2pxrM1tq04khPrtpgXN/r8mRGnW59sUrP+fK2nl+QNs root@ubuntu-xenial (RSA)
<14>Jun 27 04:30:11 ec2: -----END SSH HOST KEY FINGERPRINTS-----
<14>Jun 27 04:30:11 ec2: #############################################################
-----BEGIN SSH HOST KEY KEYS-----
ecdsa-sha2-nistp256 AAAAE2VjZHNhLXNoYTItbmlzdHAyNTYAAAAIbmlzdHAyNTYAAABBBJyWssLuKNHc039RxabW5yp/f9q6sBxf8d49I6zY7qM7XYiax3XVdYajyTYMWXaxYF5Tg8gO8dILa9LUkQ76GPs= root@ubuntu-xenial
ssh-ed25519 AAAAC3NzaC1lZDI1NTE5AAAAIMEn8GLz+BmeXgeNdKC5uBijLl9J7nBBANfcKkGNzhLf root@ubuntu-xenial
ssh-rsa AAAAB3NzaC1yc2EAAAADAQABAAABAQDaoijhI+XUCf4lgQrR/11zYliKkwenz7azyH08cXIHEjha2azomnlQrGTCa3PM84UkbF+5D+kw4957Rx47KfwArgKhlH6V/wHdQdUPSKFq3d9VNa8ITxSrUPY9G1jFOp0no46IQ3dUStKt3FdCTbOrO/2aYAjf0bsP/q2p1QCVcxu29SUDvGE+Tx3pqOv5R6roKMV6TivoQzaKHY8gRNTZnxBZPJ9yBCgRp1YfN3D3HkjQiWemLG3cPjAdDJCjf0/CJMLOghGTEmU0GFYeuqlGnp92HWo1rrdzHjXYmAtJ5sS+mnYHQeJYSC24z40D7DhJ5oJ0BHUE7uChzAECrYj1 root@ubuntu-xenial
-----END SSH HOST KEY KEYS-----
[   30.648922] cloud-init[1385]: Cloud-init v. 0.7.9 running 'modules:final' at Tue, 27 Jun 2017 04:30:11 +0000. Up 30.23 seconds.
[   30.676674] cloud-init[1385]: ci-info: no authorized ssh keys fingerprints found for user ubuntu.
[   30.712695] [[0;32m  OK  [0m] Started Execute cloud user/final scripts.
cloud-init[1385]: Cloud-init v. 0.7.9 finished at Tue, 27 Jun 2017 04:30:12 +0000. Datasource DataSourceNoCloud [seed=/dev/sdb][dsmode=net].  Up 30.64 seconds[
[0;32m  OK  [0m] Reached target Cloud-init target.

Ubuntu 16.04.2 LTS ubuntu-xenial ttyS0

ubuntu-xenial login: 